
> build
> vite build

[36mvite v7.3.1 [32mbuilding client environment for production...[36m[39m
transforming...
[32m✓[39m 21 modules transformed.
[31m✗[39m Build failed in 416ms
[31merror during build:
[31m[vite]: Rollup failed to resolve import "lodash" from "E:/Applantics Projects/book shop pos/Book-Shop-Pos/resources/js/Pages/Employees/Employees.jsx".
This is most likely unintended because it can break your application at runtime.
If you do want to externalize this module explicitly add it to
`build.rollupOptions.external`[31m
    at viteLog (file:///E:/Applantics%20Projects/book%20shop%20pos/Book-Shop-Pos/node_modules/vite/dist/node/chunks/config.js:33635:57)
    at file:///E:/Applantics%20Projects/book%20shop%20pos/Book-Shop-Pos/node_modules/vite/dist/node/chunks/config.js:33669:73
    at onwarn (file:///E:/Applantics%20Projects/book%20shop%20pos/Book-Shop-Pos/node_modules/@vitejs/plugin-react/dist/index.js:90:7)
    at file:///E:/Applantics%20Projects/book%20shop%20pos/Book-Shop-Pos/node_modules/vite/dist/node/chunks/config.js:33669:28
    at onRollupLog (file:///E:/Applantics%20Projects/book%20shop%20pos/Book-Shop-Pos/node_modules/vite/dist/node/chunks/config.js:33664:63)
    at onLog (file:///E:/Applantics%20Projects/book%20shop%20pos/Book-Shop-Pos/node_modules/vite/dist/node/chunks/config.js:33467:4)
    at file:///E:/Applantics%20Projects/book%20shop%20pos/Book-Shop-Pos/node_modules/rollup/dist/es/shared/node-entry.js:20958:32
    at Object.logger [as onLog] (file:///E:/Applantics%20Projects/book%20shop%20pos/Book-Shop-Pos/node_modules/rollup/dist/es/shared/node-entry.js:22945:9)
    at ModuleLoader.handleInvalidResolvedId (file:///E:/Applantics%20Projects/book%20shop%20pos/Book-Shop-Pos/node_modules/rollup/dist/es/shared/node-entry.js:21689:26)
    at file:///E:/Applantics%20Projects/book%20shop%20pos/Book-Shop-Pos/node_modules/rollup/dist/es/shared/node-entry.js:21647:26[39m
